2019-12-27 13:43:44.030 15341-15341/? I/zygote:     at android.app.Activity android.app.ActivityThread.performLaunchActivity(android.app.ActivityThread$ActivityClientRecord, android.content.Intent) (ActivityThread.java:2814)
2019-12-27 13:43:44.030 15341-15341/? I/zygote:     at void android.app.ActivityThread.handleLaunchActivity(android.app.ActivityThread$ActivityClientRecord, android.content.Intent, java.lang.String) (ActivityThread.java:2943)
2019-12-27 13:43:44.030 15341-15341/? I/zygote:     at void android.app.ActivityThread.-wrap11(android.app.ActivityThread, android.app.ActivityThread$ActivityClientRecord, android.content.Intent, java.lang.String) (ActivityThread.java:-1)
2019-12-27 13:43:44.030 15341-15341/? I/zygote:     at void android.app.ActivityThread$H.handleMessage(android.os.Message) (ActivityThread.java:1630)
2019-12-27 13:43:44.030 15341-15341/? I/zygote:     at void android.os.Handler.dispatchMessage(android.os.Message) (Handler.java:106)
2019-12-27 13:43:44.030 15341-15341/? I/zygote:     at void android.os.Looper.loop() (Looper.java:164)
2019-12-27 13:43:44.030 15341-15341/? I/zygote:     at void android.app.ActivityThread.main(java.lang.String[]) (ActivityThread.java:6626)
2019-12-27 13:43:44.030 15341-15341/? I/zygote:     at java.lang.Object java.lang.reflect.Method.invoke(java.lang.Object, java.lang.Object[]) (Method.java:-2)
2019-12-27 13:43:44.030 15341-15341/? I/zygote:     at void com.android.internal.os.RuntimeInit$MethodAndArgsCaller.run() (RuntimeInit.java:438)
2019-12-27 13:43:44.030 15341-15341/? I/zygote:     at void com.android.internal.os.ZygoteInit.main(java.lang.String[]) (ZygoteInit.java:811)
2019-12-27 13:43:44.191 15341-15369/? D/OpenGLRenderer: HWUI GL Pipeline
2019-12-27 13:43:44.199 2702-2711/? I/zygote: Background concurrent copying GC freed 178977(7MB) AllocSpace objects, 27(912KB) LOS objects, 42% free, 23MB/40MB, paused 178us total 208.475ms
2019-12-27 13:43:44.251 15341-15369/? I/Adreno: QUALCOMM build                   : 908a5ce, I77d3059488
    Build Date                       : 06/07/18
    OpenGL ES Shader Compiler Version: EV031.22.00.01_06
    Local Branch                     : 
    Remote Branch                    : refs/tags/AU_LINUX_ANDROID_LA.UM.6.5.R1.08.01.00.312.086
    Remote Branch                    : NONE
    Reconstruct Branch               : NOTHING
2019-12-27 13:43:44.252 15341-15369/? D/vndksupport: Loading /vendor/lib/hw/gralloc.msm8953.so from current namespace instead of sphal namespace.
2019-12-27 13:43:44.256 15341-15369/? I/Adreno: PFP: 0x005ff087, ME: 0x005ff063
2019-12-27 13:43:44.263 15341-15369/? I/zygote: android::hardware::configstore::V1_0::ISurfaceFlingerConfigs::hasWideColorDisplay retrieved: 0
2019-12-27 13:43:44.263 15341-15369/? I/OpenGLRenderer: Initialized EGL, version 1.4
2019-12-27 13:43:44.264 15341-15369/? D/OpenGLRenderer: Swap behavior 2
2019-12-27 13:43:44.305 15341-15369/? D/vndksupport: Loading /vendor/lib/hw/android.hardware.graphics.mapper@2.0-impl.so from current namespace instead of sphal namespace.
2019-12-27 13:43:44.305 15341-15369/? D/vndksupport: Loading /vendor/lib/hw/gralloc.msm8953.so from current namespace instead of sphal namespace.
2019-12-27 13:43:44.324 2702-2740/? I/LaunchCheckinHandler: Displayed com.example.android.kotlincoroutines/.main.MainActivity,cp,ca,586
2019-12-27 13:43:44.324 2702-2740/? I/ActivityManager: Displayed com.example.android.kotlincoroutines/.main.MainActivity: +582ms
2019-12-27 13:43:44.335 15360-15360/? D/AndroidRuntime: >>>>>> START com.android.internal.os.RuntimeInit uid 2000 <<<<<<
2019-12-27 13:43:44.340 11194-14874/? I/PBSessionCacheImpl: Deleted sessionId[49233310116453656] from persistence.
2019-12-27 13:43:44.345 15360-15360/? W/app_process: Could not reserve sentinel fault page
2019-12-27 13:43:44.351 2702-4234/? I/WifiService: getWifiEnabledState uid=10071
2019-12-27 13:43:44.367 11194-11284/? W/SearchServiceCore: Abort, client detached.
2019-12-27 13:43:44.370 11194-11284/? I/StreamController: cleanUpControllerScope(nowcards-15-5c078d26-3fec)
2019-12-27 13:43:44.479 15360-15360/? I/app_process: The ClassLoaderContext is a special shared library.
2019-12-27 13:43:44.525 15360-15360/? D/AndroidRuntime: Calling main entry com.android.commands.pm.Pm
2019-12-27 13:43:44.525 15360-15378/? E/SchedPolicy: open of /dev/cpuctl/bg_non_interactive/tasks failed: No such file or directory
2019-12-27 13:43:44.539 15360-15360/? I/app_process: System.exit called, status: 0
2019-12-27 13:43:44.539 15360-15379/? W/MessageQueue: Handler (android.os.Handler) {faad187} sending message to a Handler on a dead thread
    java.lang.IllegalStateException: Handler (android.os.Handler) {faad187} sending message to a Handler on a dead thread
        at android.os.MessageQueue.enqueueMessage(MessageQueue.java:547)
        at android.os.Handler.enqueueMessage(Handler.java:662)
        at android.os.Handler.sendMessageAtTime(Handler.java:631)
        at android.os.Handler.sendMessageDelayed(Handler.java:601)
        at android.os.Handler.post(Handler.java:357)
        at android.os.ResultReceiver$MyResultReceiver.send(ResultReceiver.java:57)
        at com.android.internal.os.IResultReceiver$Stub.onTransact(IResultReceiver.java:58)
        at android.os.Binder.execTransact(Binder.java:697)
2019-12-27 13:43:44.539 15360-15360/? I/AndroidRuntime: VM exiting with result code 0.
2019-12-27 13:43:44.989 15382-15382/? D/AndroidRuntime: >>>>>> START com.android.internal.os.RuntimeInit uid 2000 <<<<<<
2019-12-27 13:43:44.997 15382-15382/? W/app_process: Could not reserve sentinel fault page
2019-12-27 13:43:45.127 15382-15382/? I/app_process: The ClassLoaderContext is a special shared library.
2019-12-27 13:43:45.173 15382-15382/? D/AndroidRuntime: Calling main entry com.android.commands.pm.Pm
2019-12-27 13:43:45.173 15382-15389/? E/SchedPolicy: open of /dev/cpuctl/bg_non_interactive/tasks failed: No such file or directory
2019-12-27 13:43:45.178 15382-15390/? W/MessageQueue: Handler (android.os.Handler) {faad187} sending message to a Handler on a dead thread
    java.lang.IllegalStateException: Handler (android.os.Handler) {faad187} sending message to a Handler on a dead thread
        at android.os.MessageQueue.enqueueMessage(MessageQueue.java:547)
        at android.os.Handler.enqueueMessage(Handler.java:662)
        at android.os.Handler.sendMessageAtTime(Handler.java:631)
        at android.os.Handler.sendMessageDelayed(Handler.java:601)
        at android.os.Handler.post(Handler.java:357)
        at android.os.ResultReceiver$MyResultReceiver.send(ResultReceiver.java:57)
        at com.android.internal.os.IResultReceiver$Stub.onTransact(IResultReceiver.java:58)
        at android.os.Binder.execTransact(Binder.java:697)
2019-12-27 13:43:45.178 15382-15382/? I/app_process: System.exit called, status: 0
2019-12-27 13:43:45.178 15382-15382/? I/AndroidRuntime: VM exiting with result code 0.
2019-12-27 13:43:45.866 885-885/? I/SFPerfTracer:      triggers: (rate: 22:2555) (compose: 0:4) (post: 0:19) (render: 0:22) (76:280960 frames) (77:320448)
2019-12-27 13:43:45.866 885-885/? D/SFPerfTracer:        layers: (3:10) (StatusBar#0 (0xb2c3c000): 0:63124) (com.android.systemui.ImageWallpaper#0 (0xb29da000): 0:310)* (DimLayerController/Stack=0#0 (0xb295b000): 0:1334)* (NavigationBar#0 (0xb2ad7000): 77:6553) (Sprite#0 (0xb2965000): 0:2)* (com.android.launcher3/com.android.launcher3.CustomizationPanelLauncher#0 (0xb2a33000): 0:39)- (com.android.launcher3/com.android.launcher3.CustomizationPanelLauncher#1 (0xb2a52000): 0:34)- (Splash Screen com.example.android.kotlincoroutines#0 (0xb2c3a000): 0:35)- (animation background stackId=1#0 (0xb2a6d000): 0:2)* (com.example.android.kotlincoroutines/com.example.android.kotlincoroutines.main.MainActivity#0 (0xb29f4000): 0:4) 
2019-12-27 13:43:46.524 11968-12370/? D/ClClient: Not sending keepalive.  Current connection state=STOPPED
2019-12-27 13:43:48.288 870-1031/? E/ANDR-PERF-MPCTL: Invalid profile no. 0, total profiles 0 only
2019-12-27 13:43:48.299 885-1188/? I/SFPerfTracer:      triggers: (rate: 0:0) (25954 sw vsyncs) (0 skipped) (90:287775 vsyncs) (92:351473)
2019-12-27 13:43:48.372 15341-15341/com.example.android.kotlincoroutines I/System.out: [Atul] Builder.Common :launching coroutine
2019-12-27 13:43:48.374 15341-15341/com.example.android.kotlincoroutines I/System.out: [Atul] common:src:AbstractCoroutine
2019-12-27 13:43:48.376 15341-15341/com.example.android.kotlincoroutines I/System.out: [Atul] intrinsic:Cancellable:runSafely
2019-12-27 13:43:48.380 15341-15341/com.example.android.kotlincoroutines I/System.out: [Atul] common:src:internal:DispatchedTask:run
2019-12-27 13:43:48.930 2702-3118/? D/BatteryService: uevent={POWER_SUPPLY_VOLTAGE_NOW=4351323, POWER_SUPPLY_CHARGE_RATE=Normal, POWER_SUPPLY_HEALTH=Good, POWER_SUPPLY_CURRENT_NOW=-186919, POWER_SUPPLY_PRESENT=1, SUBSYSTEM=power_supply, POWER_SUPPLY_TEMP=310, SEQNUM=145096, ACTION=change, POWER_SUPPLY_NAME=battery, POWER_SUPPLY_STATUS=Charging, POWER_SUPPLY_CHARGE_COUNTER=2738415, POWER_SUPPLY_CAPACITY=95, DEVPATH=/devices/soc/qpnp-smbcharger-17/power_supply/battery}
2019-12-27 13:43:48.967 15341-15395/com.example.android.kotlincoroutines I/System.out: [Atul] common:src:internal:DispatchedTask:dispatch
2019-12-27 13:43:48.967 15341-15341/com.example.android.kotlincoroutines I/System.out: [Atul] common:src:internal:DispatchedTask:run
2019-12-27 13:43:49.417 844-844/? I/MotoSensors: Sensorhub hal setDelay: 1 - 20
2019-12-27 13:43:49.418 844-844/? I/MotoSensors: Sensorhub hal setdelay: 1 - 20
2019-12-27 13:43:49.418 844-844/? I/MotoSensors: HubSensors::updateAccelRate 200
2019-12-27 13:43:49.418 844-844/? I/MotoSensors: Sensorhub hal enable: 1 - 1
2019-12-27 13:43:49.418 844-844/? I/MotoSensors: HubSensors::updateAccelRate 20
2019-12-27 13:43:49.428 25231-9128/? I/Places: ?: PlacesBleScanner stop()
2019-12-27 13:43:49.429 25231-25231/? I/BeaconBle: Scan canceled successfully.
2019-12-27 13:43:49.434 25231-9128/? I/PlaceInferenceEngine: [anon] Changed inference mode: 0
2019-12-27 13:43:49.434 25231-9128/? I/PlaceInferenceEngine: [account#1926783330] Changed inference mode: 0
2019-12-27 13:43:49.946 844-844/? I/MotoSensors: Sensorhub hal enable: 1 - 0
2019-12-27 13:43:50.144 25231-25242/? I/zygote: Background concurrent copying GC freed 353865(15MB) AllocSpace objects, 81(4MB) LOS objects, 50% free, 12MB/25MB, paused 326us total 179.580ms
2019-12-27 13:43:56.525 11968-12370/? D/ClClient: Not sending keepalive.  Current connection state=STOPPED
